T
A
(B)
(A.B)
T
NIL
B
(B C)
Error [UNDEFINED] in SOMETHING-WENT-WRONG
