NIL
Error [UNDEFINED] in Z
Error [UNDEFINED] in Z
Error [UNDEFINED] in Z
