T
NIL
X
X
(X.Y)
NIL
(Y Z)
NIL
(X.Y)
(X.X)
T
NIL
T
Y
NIL
NIL
T
T
A
B
T
NIL
NIL
Traceback (most recent call last):
	From function APPLY-ATOMIC:
		Args: (BLA (A B) ((A.X) (B.Y) (T.T) (NIL)))
	From function COND:
		Args: (((EQ (QUOTE COND) ATOMIC) (EVALUATE-COND ACTUALS A-LIST)) (T (APPLY-EAGER-ATOMIC ATOMIC (EVALUATE-LIST ACTUALS A-LIST) A-LIST)))
	From function APPLY-EAGER-ATOMIC:
		Args: (BLA (X Y) ((A.X) (B.Y) (T.T) (NIL)))
	From function COND:
		Args: (((EQ ATOMIC (QUOTE ERROR)) (ERROR ACTUALS)) ((EQ ATOMIC (QUOTE EVAL)) (EVALUATE (CAR ACTUALS) A-LIST)) (T (APPLY-TRIVIAL-ATOMIC ATOMIC (CAR ACTUALS) (CAR (CDR ACTUALS)))))
	From function APPLY-TRIVIAL-ATOMIC:
		Args: (BLA X Y)
	From function COND:
		Args: (((EQ ATOMIC (QUOTE ATOM)) (ATOM FIRST)) ((EQ ATOMIC (QUOTE CAR)) (CAR FIRST)) ((EQ ATOMIC (QUOTE CDR)) (CDR FIRST)) ((EQ ATOMIC (QUOTE CONS)) (CONS FIRST SECOND)) ((EQ ATOMIC (QUOTE EQ)) (EQ FIRST SECOND)) ((EQ ATOMIC (QUOTE SET)) (SET FIRST SECOND)) (T (ERROR (QUOTE SOMETHING-WENT-WRONG) ATOMIC)))
	From function ERROR:
		Args: SOMETHING-WENT-WRONG
Error [SOMETHING-WENT-WRONG] in (ERROR (QUOTE SOMETHING-WENT-WRONG) ATOMIC)
