A
B
C
T
T
T
NIL
NIL
NIL
Error [UNKNOWN-LAMBDA] in (ERROR (QUOTE UNKNOWN-LAMBDA) TAG)
