T
(A B)
A
BLA
A
A
C
C
A
A
(B)
(B)
((B).A)
((B).A)
A
A
A
A
