T
A
(B)
(A.B)
T
NIL
A
Error [MISSING] in (ATOMIC ACTUALS A-LIST)
Error [A] in (ERROR ACTUALS)
