NIL
(T)
(X Y Z)
Traceback (most recent call last):
	From function EVALUATE-LIST:
		Args: ((A B C) ((A.X) (B.Y)))
	From function COND:
		Args: (((NULL S-EXPRESSIONS) NIL) (T (CONS (EVALUATE (CAR S-EXPRESSIONS) A-LIST) (EVALUATE-LIST (CDR S-EXPRESSIONS) A-LIST))))
	From function CONS:
		Args: (EVALUATE (CAR S-EXPRESSIONS) A-LIST)
		Args: (EVALUATE-LIST (CDR S-EXPRESSIONS) A-LIST)
	From function EVALUATE-LIST:
		Args: ((B C) ((A.X) (B.Y)))
	From function COND:
		Args: (((NULL S-EXPRESSIONS) NIL) (T (CONS (EVALUATE (CAR S-EXPRESSIONS) A-LIST) (EVALUATE-LIST (CDR S-EXPRESSIONS) A-LIST))))
	From function CONS:
		Args: (EVALUATE (CAR S-EXPRESSIONS) A-LIST)
		Args: (EVALUATE-LIST (CDR S-EXPRESSIONS) A-LIST)
	From function EVALUATE-LIST:
		Args: ((C) ((A.X) (B.Y)))
	From function COND:
		Args: (((NULL S-EXPRESSIONS) NIL) (T (CONS (EVALUATE (CAR S-EXPRESSIONS) A-LIST) (EVALUATE-LIST (CDR S-EXPRESSIONS) A-LIST))))
	From function CONS:
		Args: (EVALUATE (CAR S-EXPRESSIONS) A-LIST)
		Args: (EVALUATE-LIST (CDR S-EXPRESSIONS) A-LIST)
	From function EVALUATE:
		Args: (C ((A.X) (B.Y)))
	From function COND:
		Args: (((ATOM S-EXPRESSION) (LOOKUP S-EXPRESSION A-LIST)) ((IS-ATOMIC (CAR S-EXPRESSION)) (EVALUATE-ATOMIC S-EXPRESSION A-LIST)) (T (APPLY (EVALUATE (CAR S-EXPRESSION) A-LIST) (CDR S-EXPRESSION) A-LIST)))
	From function LOOKUP:
		Args: (C ((A.X) (B.Y)))
	From function COND:
		Args: (((NULL A-LIST) (ERROR UNDEFINED ID)) ((EQ ID (CAR (CAR A-LIST))) (CDR (CAR A-LIST))) (T (LOOKUP ID (CDR A-LIST))))
	From function LOOKUP:
		Args: (C ((B.Y)))
	From function COND:
		Args: (((NULL A-LIST) (ERROR UNDEFINED ID)) ((EQ ID (CAR (CAR A-LIST))) (CDR (CAR A-LIST))) (T (LOOKUP ID (CDR A-LIST))))
	From function LOOKUP:
		Args: (C NIL)
	From function COND:
		Args: (((NULL A-LIST) (ERROR UNDEFINED ID)) ((EQ ID (CAR (CAR A-LIST))) (CDR (CAR A-LIST))) (T (LOOKUP ID (CDR A-LIST))))
	From function ERROR:
		Args: UNDEFINED
Error [UNDEFINED] in UNDEFINED
