T
A
(B)
(A.B)
T
NIL
B
Error [SOMETHING-WENT-WRONG] in (ERROR (QUOTE SOMETHING-WENT-WRONG) ATOMIC)
