Error [UNDEFINED] in O
Error [UNDEFINED] in O
Error [UNDEFINED] in O
Error [UNDEFINED] in O
