Error [UNDEFINED] in BAR
Error [UNDEFINED] in BAR
