(LAMBDA (X XS) (COND ((NULL XS) (CONS X NIL)) (T (CONS (CAR XS) (APPEND X (CDR XS))))))
