A
B
C
A
B
C
A
B
C
A
A
(B)
(B)
((B).A)
((B).A)
A
A
A
A
Error [MISSING-ACTUALS] in (ERROR (QUOTE MISSING-ACTUALS))
Error [MISSING-ACTUALS] in (ERROR (QUOTE MISSING-ACTUALS))
Error [MISSING-FORMALS] in (ERROR (QUOTE MISSING-FORMALS))
Error [MISSING-FORMALS] in (ERROR (QUOTE MISSING-FORMALS))
Error [UNDEFINED] in DLAMBDA
