T
A
(B)
X
(A.B)
T
NIL
B
(B C)
Error [NIL] in (ERROR ACTUALS)
Error [MY_ERROR] in (ERROR ACTUALS)
Error [UNDEFINED] in SOMETHING-WENT-WRONG
