NIL
NIL
T
T
A
B
T
NIL
NIL
Error [CAR] in T
Error [UNDEFINED] in UNDEFINED
